============================= test session starts ==============================
platform linux -- Python 3.14.7, pytest-8.4.2, pluggy-1.6.0 -- /usr/bin/python
cachedir: .pytest_cache
rootdir: /home/pruthvi/projects/face/TrackMyClass
plugins: Faker-40.36.0, langsmith-0.10.10, anyio-4.13.0
collecting ... collected 0 items / 1 error

==================================== ERRORS ====================================
______ ERROR collecting backend/tests/integration/test_e2e_auth_roles.py _______
ImportError while importing test module '/home/pruthvi/projects/face/TrackMyClass/backend/tests/integration/test_e2e_auth_roles.py'.
Hint: make sure your test modules/packages have valid Python names.
Traceback:
/usr/lib64/python3.14/importlib/__init__.py:88: in import_module
    return _bootstrap._gcd_import(name[level:], package, level)
           ^^^^^^^^^^^^^^^^^^^^^^^^^^^^^^^^^^^^^^^^^^^^^^^^^^^^
backend/tests/integration/test_e2e_auth_roles.py:4: in <module>
    from backend.main import app
backend/main.py:6: in <module>
    from backend.core.config import CORS_ORIGINS, TEMPLATES_DIR, STATIC_DIR
backend/core/config.py:152: in <module>
    DATABASE_MODE = get_database_mode()
                    ^^^^^^^^^^^^^^^^^^^
backend/core/config.py:114: in get_database_mode
    import firebase_admin
E   ModuleNotFoundError: No module named 'firebase_admin'
=============================== warnings summary ===============================
../../../.local/lib/python3.14/site-packages/fastapi/testclient.py:1
  /home/pruthvi/.local/lib/python3.14/site-packages/fastapi/testclient.py:1: StarletteDeprecationWarning: Using `httpx` with `starlette.testclient` is deprecated; install `httpx2` instead.
    from starlette.testclient import TestClient as TestClient  # noqa

-- Docs: https://docs.pytest.org/en/stable/how-to/capture-warnings.html
=========================== short test summary info ============================
ERROR backend/tests/integration/test_e2e_auth_roles.py
!!!!!!!!!!!!!!!!!!!! Interrupted: 1 error during collection !!!!!!!!!!!!!!!!!!!!
========================= 1 warning, 1 error in 0.58s ==========================
